$ tsc -b && vite build
[36mvite v6.4.3 [32mbuilding for production...[36m[39m
transforming...
[32m✓[39m 418 modules transformed.
rendering chunks...
[33m[plugin vite:reporter] 
(!) C:/Users/lenovo/Downloads/focus-v2/focus-production/src/core/device/parser.ts is dynamically imported by C:/Users/lenovo/Downloads/focus-v2/focus-production/src/core/research/api-supabase.ts but also statically imported by C:/Users/lenovo/Downloads/focus-v2/focus-production/src/business-intelligence/api.ts, C:/Users/lenovo/Downloads/focus-v2/focus-production/src/core/research/api-supabase.ts, dynamic import will not move module into another chunk.
[39m
[33m[plugin vite:reporter] 
(!) C:/Users/lenovo/Downloads/focus-v2/focus-production/src/screens/auth/LoginScreen.tsx is dynamically imported by C:/Users/lenovo/Downloads/focus-v2/focus-production/src/App.tsx but also statically imported by C:/Users/lenovo/Downloads/focus-v2/focus-production/src/components/shared/ProtectedRoute.tsx, dynamic import will not move module into another chunk.
[39m
[33m[plugin vite:reporter] 
(!) C:/Users/lenovo/Downloads/focus-v2/focus-production/src/screens/auth/AccessDeniedScreen.tsx is dynamically imported by C:/Users/lenovo/Downloads/focus-v2/focus-production/src/App.tsx but also statically imported by C:/Users/lenovo/Downloads/focus-v2/focus-production/src/components/shared/ProtectedRoute.tsx, dynamic import will not move module into another chunk.
[39m
computing gzip size...
[2mdist/[22m[32mindex.html                                     [39m[1m[2m  4.17 kB[22m[1m[22m[2m │ gzip:  1.45 kB[22m
[2mdist/[22m[32massets/focus-icon-B2qNH0wl.svg                 [39m[1m[2m 10.65 kB[22m[1m[22m[2m │ gzip:  2.15 kB[22m
[2mdist/[22m[36massets/Stack-D8ND5-ry.js                       [39m[1m[2m  0.07 kB[22m[1m[22m[2m │ gzip:  0.08 kB[22m
[2mdist/[22m[36massets/Flex-CKelChOP.js                        [39m[1m[2m  0.07 kB[22m[1m[22m[2m │ gzip:  0.08 kB[22m
[2mdist/[22m[36massets/tokens-DWo2Apg8.js                      [39m[1m[2m  0.11 kB[22m[1m[22m[2m │ gzip:  0.11 kB[22m
[2mdist/[22m[36massets/spacing-UcpQkT4_.js                     [39m[1m[2m  0.21 kB[22m[1m[22m[2m │ gzip:  0.16 kB[22m
[2mdist/[22m[36massets/generate-DnL9CMWA.js                    [39m[1m[2m  0.35 kB[22m[1m[22m[2m │ gzip:  0.24 kB[22m
[2mdist/[22m[36massets/Grid-DTYPIlu5.js                        [39m[1m[2m  0.48 kB[22m[1m[22m[2m │ gzip:  0.33 kB[22m
[2mdist/[22m[36massets/Stack-Cc4WZ5gj.js                       [39m[1m[2m  0.70 kB[22m[1m[22m[2m │ gzip:  0.33 kB[22m
[2mdist/[22m[36massets/AdSpot-Bm0wR__8.js                      [39m[1m[2m  0.72 kB[22m[1m[22m[2m │ gzip:  0.43 kB[22m
[2mdist/[22m[36massets/PreGameMessageScreen-CpIXWf7v.js        [39m[1m[2m  0.96 kB[22m[1m[22m[2m │ gzip:  0.57 kB[22m
[2mdist/[22m[36massets/Screen-BAGEdahL.js                      [39m[1m[2m  1.01 kB[22m[1m[22m[2m │ gzip:  0.56 kB[22m
[2mdist/[22m[36massets/LibraryScreen-B0ead24w.js               [39m[1m[2m  1.06 kB[22m[1m[22m[2m │ gzip:  0.54 kB[22m
[2mdist/[22m[36massets/AlgerianPhoneInput-C1DwIzNS.js          [39m[1m[2m  1.11 kB[22m[1m[22m[2m │ gzip:  0.65 kB[22m
[2mdist/[22m[36massets/GameIntroScreen-BmoY1U59.js             [39m[1m[2m  1.42 kB[22m[1m[22m[2m │ gzip:  0.78 kB[22m
[2mdist/[22m[36massets/IntroScreen-CixyTZeH.js                 [39m[1m[2m  1.43 kB[22m[1m[22m[2m │ gzip:  0.65 kB[22m
[2mdist/[22m[36massets/HistoryScreen-C2_bux2W.js               [39m[1m[2m  1.46 kB[22m[1m[22m[2m │ gzip:  0.71 kB[22m
[2mdist/[22m[36massets/service-9wceMS2g.js                     [39m[1m[2m  1.56 kB[22m[1m[22m[2m │ gzip:  0.49 kB[22m
[2mdist/[22m[36massets/ConsentScreen-Df8ZC_yn.js               [39m[1m[2m  1.63 kB[22m[1m[22m[2m │ gzip:  0.62 kB[22m
[2mdist/[22m[36massets/CountdownScreen-BjNc5Jym.js             [39m[1m[2m  1.64 kB[22m[1m[22m[2m │ gzip:  0.85 kB[22m
[2mdist/[22m[36massets/sticker-database-DT-PZoBH.js            [39m[1m[2m  1.71 kB[22m[1m[22m[2m │ gzip:  0.81 kB[22m
[2mdist/[22m[36massets/AboutScreen-CkDqn_SM.js                 [39m[1m[2m  2.12 kB[22m[1m[22m[2m │ gzip:  0.81 kB[22m
[2mdist/[22m[36massets/CalibrationScreen-DGhLkqRY.js           [39m[1m[2m  2.25 kB[22m[1m[22m[2m │ gzip:  1.19 kB[22m
[2mdist/[22m[36massets/RepairHomeScreen-BNptnd0W.js            [39m[1m[2m  2.29 kB[22m[1m[22m[2m │ gzip:  1.11 kB[22m
[2mdist/[22m[36massets/whatsapp-service-BFwAWMMO.js            [39m[1m[2m  2.41 kB[22m[1m[22m[2m │ gzip:  0.99 kB[22m
[2mdist/[22m[36massets/VariantSelector-Doj6UoOi.js             [39m[1m[2m  2.81 kB[22m[1m[22m[2m │ gzip:  1.19 kB[22m
[2mdist/[22m[36massets/LandingScreen-Cfx0ZPHE.js               [39m[1m[2m  2.87 kB[22m[1m[22m[2m │ gzip:  1.20 kB[22m
[2mdist/[22m[36massets/StickerScanHandler-CJzg9uuO.js          [39m[1m[2m  2.87 kB[22m[1m[22m[2m │ gzip:  1.21 kB[22m
[2mdist/[22m[36massets/Button-DYWN-DfW.js                      [39m[1m[2m  2.89 kB[22m[1m[22m[2m │ gzip:  1.25 kB[22m
[2mdist/[22m[36massets/AdBanner-BWrznggb.js                    [39m[1m[2m  3.22 kB[22m[1m[22m[2m │ gzip:  1.62 kB[22m
[2mdist/[22m[36massets/ShareScreen-JcssxFFg.js                 [39m[1m[2m  3.50 kB[22m[1m[22m[2m │ gzip:  1.63 kB[22m
[2mdist/[22m[36massets/RegisterScreen-BKfpU7Uo.js              [39m[1m[2m  3.84 kB[22m[1m[22m[2m │ gzip:  1.28 kB[22m
[2mdist/[22m[36massets/BrandFooter-BxQb9r4a.js                 [39m[1m[2m  3.90 kB[22m[1m[22m[2m │ gzip:  1.88 kB[22m
[2mdist/[22m[36massets/RepairDiagnosticsScreen-Dr6PH9qr.js     [39m[1m[2m  4.16 kB[22m[1m[22m[2m │ gzip:  1.78 kB[22m
[2mdist/[22m[36massets/AdminSetupScreen-B9fyO10q.js            [39m[1m[2m  4.21 kB[22m[1m[22m[2m │ gzip:  1.39 kB[22m
[2mdist/[22m[36massets/sticker-types-CQl3mjhR.js               [39m[1m[2m  4.27 kB[22m[1m[22m[2m │ gzip:  1.16 kB[22m
[2mdist/[22m[36massets/SettingsScreen-C-7DV-2c.js              [39m[1m[2m  5.47 kB[22m[1m[22m[2m │ gzip:  1.69 kB[22m
[2mdist/[22m[36massets/RepairCourierScreen-D_YKgR2Q.js         [39m[1m[2m  5.84 kB[22m[1m[22m[2m │ gzip:  2.10 kB[22m
[2mdist/[22m[36massets/AchievementsScreen-BxEst1qi.js          [39m[1m[2m  7.49 kB[22m[1m[22m[2m │ gzip:  2.60 kB[22m
[2mdist/[22m[36massets/ShowroomScreen-D17gXxJj.js              [39m[1m[2m  7.95 kB[22m[1m[22m[2m │ gzip:  2.96 kB[22m
[2mdist/[22m[36massets/RepairCustomerHistory-BH8VeiF1.js       [39m[1m[2m  8.32 kB[22m[1m[22m[2m │ gzip:  2.67 kB[22m
[2mdist/[22m[36massets/RepairPersonnelScreen-BKRQ6ogw.js       [39m[1m[2m  8.72 kB[22m[1m[22m[2m │ gzip:  2.70 kB[22m
[2mdist/[22m[36massets/RepairRequestScreen-C8u2opYT.js         [39m[1m[2m  9.11 kB[22m[1m[22m[2m │ gzip:  3.22 kB[22m
[2mdist/[22m[36massets/PhoneServicesScreen-DQmFYQb7.js         [39m[1m[2m  9.99 kB[22m[1m[22m[2m │ gzip:  3.22 kB[22m
[2mdist/[22m[36massets/ResultsScreen-WkmLGaC0.js               [39m[1m[2m 11.58 kB[22m[1m[22m[2m │ gzip:  3.23 kB[22m
[2mdist/[22m[36massets/RepairAdminDashboard-CIdmv1Kv.js        [39m[1m[2m 13.03 kB[22m[1m[22m[2m │ gzip:  3.67 kB[22m
[2mdist/[22m[36massets/StickerAnalyticsScreen-Cpk46gss.js      [39m[1m[2m 13.18 kB[22m[1m[22m[2m │ gzip:  3.24 kB[22m
[2mdist/[22m[36massets/useTokens-DvU0HPaE.js                   [39m[1m[2m 13.24 kB[22m[1m[22m[2m │ gzip:  3.19 kB[22m
[2mdist/[22m[36massets/data-service-p6CIkrf2.js                [39m[1m[2m 13.27 kB[22m[1m[22m[2m │ gzip:  3.41 kB[22m
[2mdist/[22m[36massets/RepairTrackingScreen-CsFI61Al.js        [39m[1m[2m 13.34 kB[22m[1m[22m[2m │ gzip:  4.17 kB[22m
[2mdist/[22m[36massets/HomeScreen-nRkNeUxw.js                  [39m[1m[2m 13.82 kB[22m[1m[22m[2m │ gzip:  4.47 kB[22m
[2mdist/[22m[36massets/GameScreen-C9E5a0DQ.js                  [39m[1m[2m 14.67 kB[22m[1m[22m[2m │ gzip:  4.85 kB[22m
[2mdist/[22m[36massets/CatalogCascadeSelector-D9osY4iu.js      [39m[1m[2m 23.25 kB[22m[1m[22m[2m │ gzip:  7.06 kB[22m
[2mdist/[22m[36massets/repair-repository-DQdRaU8n.js           [39m[1m[2m 23.91 kB[22m[1m[22m[2m │ gzip:  6.26 kB[22m
[2mdist/[22m[36massets/api-supabase-rEjJekGL.js                [39m[1m[2m 26.18 kB[22m[1m[22m[2m │ gzip:  8.51 kB[22m
[2mdist/[22m[36massets/DesignSystemPlayground-yEwYdvGk.js      [39m[1m[2m 28.91 kB[22m[1m[22m[2m │ gzip:  8.57 kB[22m
[2mdist/[22m[36massets/vendor-B9gXgDM9.js                      [39m[1m[2m 31.59 kB[22m[1m[22m[2m │ gzip: 11.74 kB[22m
[2mdist/[22m[36massets/CoachScreen-BpI7MueE.js                 [39m[1m[2m 52.89 kB[22m[1m[22m[2m │ gzip: 14.91 kB[22m
[2mdist/[22m[36massets/StickerStudioScreen-BsMEuGch.js         [39m[1m[2m 55.88 kB[22m[1m[22m[2m │ gzip: 18.79 kB[22m
[2mdist/[22m[36massets/BusinessIntelligenceCenter-tK3fh8JP.js  [39m[1m[2m133.57 kB[22m[1m[22m[2m │ gzip: 29.33 kB[22m
[2mdist/[22m[36massets/react-vendor-CE75nmF4.js                [39m[1m[2m193.84 kB[22m[1m[22m[2m │ gzip: 60.55 kB[22m
[2mdist/[22m[36massets/supabase-vendor-BQmyLntF.js             [39m[1m[2m209.62 kB[22m[1m[22m[2m │ gzip: 54.43 kB[22m
[2mdist/[22m[36massets/ResearchConsole-BRgv2Mb1.js             [39m[1m[2m291.33 kB[22m[1m[22m[2m │ gzip: 65.98 kB[22m
[2mdist/[22m[36massets/index-yMbiVBsR.js                       [39m[1m[2m401.13 kB[22m[1m[22m[2m │ gzip: 93.81 kB[22m
[32m✓ built in 9.73s[39m
